<DocumentFragment>
  <div
    class="ant-app"
  >
    <div>
      test
    </div>
    <div
      class="markdown-editor ant-md-editor ant-md-editor-edit ant-md-editor-report"
      style="width: 100vw; height: 100vh; display: flex; flex-direction: column; max-height: 100%;"
    >
      <div
        style="padding: 24px 24px 24px 32px; overflow: auto; display: flex; height: 100%; position: relative; gap: 24px;"
      >
        <div
          aria-multiline="true"
          autocapitalize="false"
          autocorrect="false"
          class="ant-md-editor-content-focus ant-md-editor-content ant-md-editor-content-report ant-md-editor-content-edit"
          contenteditable="true"
          data-slate-editor="true"
          data-slate-node="value"
          role="textbox"
          spellcheck="false"
          style="position: relative; white-space: pre-wrap; word-wrap: break-word; font-size: 16px;"
          zindex="-1"
        >
          <div
            class="ant-md-editor-drag-el"
            data-be="paragraph"
            data-slate-node="element"
          >
            <span
              data-slate-node="text"
            >
              <span
                class=" "
                data-be="text"
                data-slate-leaf="true"
                draggable="false"
              >
                <span
                  data-slate-string="true"
                >
                  以下是使用 HTML、CSS 和 JavaScript 实现的七色旋转背景 ，并带有速度控制滑块的代码：
                </span>
              </span>
            </span>
          </div>
          <div
            class="ace-el drag-el"
            contenteditable="false"
            data-be="code"
            data-lang="html"
            data-slate-node="element"
            tabindex="-1"
          >
            <div
              class="ace-container drag-el "
              style="box-sizing: border-box; background-color: rgb(252, 252, 252); max-height: 400px; overflow: auto; position: relative; height: auto; opacity: 1;"
            >
              <div
                contenteditable="false"
                style="height: 1.75em; background-color: rgb(255, 255, 255); border-bottom: 1px solid #eee; padding-left: 0.75em; padding-right: 0.375em; display: flex; align-items: center; width: 100%; position: sticky; left: 0px; top: 0px; font-size: 1em; color: rgba(0, 0, 0, 0.6); justify-content: space-between; z-index: 50; user-select: none;"
              >
                <span
                  aria-describedby="test-id"
                  class="ant-agent-chat-action-icon-box"
                  style="display: flex; align-items: center; cursor: pointer; gap: 2px; color: rgba(0, 0, 0, 0.8);"
                >
                  <div
                    style="height: 1em; width: 1em; display: flex; align-items: center; justify-content: center; margin-right: 0.25em;"
                  >
                    <img
                      src="/src/MarkdownEditor/editor/elements/code/langIcons/html.svg"
                      style="height: 1em; width: 1em;"
                    />
                  </div>
                  <div>
                    <span>
                      html
                    </span>
                  </div>
                </span>
                <div
                  style="display: flex; gap: 5px;"
                >
                  <span
                    aria-describedby="test-id"
                    class="ant-agent-chat-action-icon-box"
                    style="font-size: 0.9em; line-height: 1.75em; margin-left: 0.125em;"
                  >
                    <span
                      aria-label="forward"
                      class="anticon anticon-forward"
                      role="img"
                      tabindex="-1"
                    >
                      <svg
                        aria-hidden="true"
                        data-icon="forward"
                        fill="currentColor"
                        focusable="false"
                        height="1em"
                        viewBox="0 0 1024 1024"
                        width="1em"
                      >
                        <path
                          d="M825.8 498L538.4 249.9c-10.7-9.2-26.4-.9-26.4 14v496.3c0 14.9 15.7 23.2 26.4 14L825.8 526c8.3-7.2 8.3-20.8 0-28zm-320 0L218.4 249.9c-10.7-9.2-26.4-.9-26.4 14v496.3c0 14.9 15.7 23.2 26.4 14L505.8 526c4.1-3.6 6.2-8.8 6.2-14 0-5.2-2.1-10.4-6.2-14z"
                        />
                      </svg>
                    </span>
                  </span>
                  <span
                    aria-describedby="test-id"
                    class="ant-agent-chat-action-icon-box"
                    style="font-size: 0.9em; line-height: 1.75em; margin-left: 0.125em;"
                  >
                    <span
                      aria-label="copy"
                      class="anticon anticon-copy"
                      role="img"
                      tabindex="-1"
                    >
                      <svg
                        aria-hidden="true"
                        data-icon="copy"
                        fill="currentColor"
                        focusable="false"
                        height="1em"
                        viewBox="64 64 896 896"
                        width="1em"
                      >
                        <path
                          d="M832 64H296c-4.4 0-8 3.6-8 8v56c0 4.4 3.6 8 8 8h496v688c0 4.4 3.6 8 8 8h56c4.4 0 8-3.6 8-8V96c0-17.7-14.3-32-32-32zM704 192H192c-17.7 0-32 14.3-32 32v530.7c0 8.5 3.4 16.6 9.4 22.6l173.3 173.3c2.2 2.2 4.7 4 7.4 5.5v1.9h4.2c3.5 1.3 7.2 2 11 2H704c17.7 0 32-14.3 32-32V224c0-17.7-14.3-32-32-32zM350 856.2L263.9 770H350v86.2zM664 888H414V746c0-22.1-17.9-40-40-40H232V264h432v624z"
                        />
                      </svg>
                    </span>
                  </span>
                </div>
              </div>
              <div
                class=" ace_editor ace_hidpi ace-tm"
                style="height: 200px; line-height: 22px; font-size: 13px;"
              >
                <textarea
                  aria-autocomplete="both"
                  aria-haspopup="false"
                  aria-label="Cursor at row 1"
                  autocapitalize="off"
                  autocorrect="off"
                  class="ace_text-input"
                  role="textbox"
                  spellcheck="false"
                  style="opacity: 0; font-size: 1px;"
                  wrap="off"
                />
                <div
                  aria-hidden="true"
                  class="ace_gutter"
                >
                  <div
                    class="ace_layer ace_gutter-layer ace_folding-enabled"
                    style="height: 1000000px;"
                  />
                </div>
                <div
                  class="ace_scroller"
                  style="line-height: 0px;"
                >
                  <div
                    class="ace_content"
                  >
                    <div
                      class="ace_layer ace_print-margin-layer"
                    >
                      <div
                        class="ace_print-margin"
                        style="left: 4px; visibility: hidden;"
                      />
                    </div>
                    <div
                      class="ace_layer ace_marker-layer"
                    />
                    <div
                      class="ace_layer ace_text-layer"
                      style="height: 1000000px; margin: 0px 4px;"
                    />
                    <div
                      class="ace_layer ace_marker-layer"
                    />
                    <div
                      class="ace_layer ace_cursor-layer ace_hidden-cursors"
                    >
                      <div
                        class="ace_cursor"
                      />
                    </div>
                  </div>
                </div>
                <div
                  class="ace_scrollbar ace_scrollbar-v"
                  style="display: none; width: 20px;"
                >
                  <div
                    class="ace_scrollbar-inner"
                    style="width: 20px;"
                  >
                     
                  </div>
                </div>
                <div
                  class="ace_scrollbar ace_scrollbar-h"
                  style="display: none; height: 20px;"
                >
                  <div
                    class="ace_scrollbar-inner"
                    style="height: 20px;"
                  >
                     
                  </div>
                </div>
                <div
                  style="height: auto; width: auto; top: 0px; left: 0px; visibility: hidden; position: absolute; white-space: pre; overflow: hidden;"
                >
                  <div
                    style="height: auto; width: auto; top: 0px; left: 0px; visibility: hidden; position: absolute; white-space: pre; overflow: visible;"
                  />
                  <div
                    style="height: auto; width: auto; top: 0px; left: 0px; visibility: hidden; position: absolute; white-space: pre; overflow: visible;"
                  >
                    XXXXXXXXXXXXXXXXXXXXXXXXXXXXXXXXXXXXXXXXXXXXXXXXXXXXXXXXXXXXXXXXXXXXXXXXXXXXXXXXXXXXXXXXXXXXXXXXXXXXXXXXXXXXXXXXXXXXXXXXXXXXXXXXXXXXXXXXXXXXXXXXXXXXXXXXXXXXXXXXXXXXXXXXXXXXXXXXXXXXXXXXXXXXXXXXXXXXXXXXXXXXXXXXXXXXXXXXXXXXXXXXXXXXXXXXXXXXXXXXXXXXXXXXXXXXXXXXXXXXXXXXXXXXXXXXXXXXXXXXXXXXXXXXXXXXXXXXXXXXXXXXXXXXXXXXXXXXXXXXXXXXXXXXXXXXXXXXXXXXXXXXXXXXXXXXXXXXXXXXXXXXXXXXXXXXXXXXXXXXXXXXXXXXXXXXXXXXXXXXXXXXXXXXXXXXXXXXXXXXXXXXXXXXXXXXXXXXXXXXXXXXXXXXXXXXXXXXXXXXXXXXXXXXXXXXXXXXXXXXXXXXXXXXXXXXXXXXXXXXXXXXXXXXXXXX
                  </div>
                </div>
              </div>
              <div
                class="ant-md-editor-hidden"
              >
                <span
                  data-slate-node="text"
                >
                  <span
                    class=" "
                    data-be="text"
                    data-slate-leaf="true"
                    draggable="false"
                  >
                    <span
                      data-slate-string="true"
                    >
                      &lt;!DOCTYPE html&gt;
&lt;html&gt;
&lt;head&gt;
    &lt;style&gt;
        body {
            margin: 0;
            height: 100vh;
            display: flex;
            align-items: center;
            justify-content: center;
            background: #000;
            overflow: hidden;
        }

        #color-wheel {
            width: 150vmax;
            height: 150vmax;
            background: conic-gradient(
                #ff0000 0deg 51.4deg,
                #ff7f00 51.4deg 102.8deg,
                #ffff00 102.8deg 154.2deg,
                #00ff00 154.2deg 205.6deg,
                #0000ff 205.6deg 257deg,
                #4b0082 257deg 308.4deg,
                #8f00ff 308.4deg 360deg
            );
            animation: rotate 10s linear infinite;
            position: fixed;
            top: 50%;
            left: 50%;
            transform: translate(-50%, -50%);
        }

        @keyframes rotate {
            from { transform: translate(-50%, -50%) rotate(0deg); }
            to { transform: translate(-50%, -50%) rotate(360deg); }
        }

        #speed-control {
            position: fixed;
            bottom: 20px;
            right: 20px;
            z-index: 100;
            width: 200px;
            background: rgba(255, 255, 255, 0.2);
            padding: 10px;
            border-radius: 20px;
        }

        #speed-control input {
            width: 100%;
        }

        #speed-label {
            color: white;
            font-family: Arial;
            font-size: 14px;
            text-align: center;
            display: block;
            margin-top: 5px;
        }
    &lt;/style&gt;
&lt;/head&gt;
&lt;body&gt;
    &lt;div id="color-wheel"&gt;&lt;/div&gt;
    
    &lt;div id="speed-control"&gt;
        &lt;input type="range" id="speed" min="0.1" max="2" value="1" step="0.1"&gt;
        &lt;span id="speed-label"&gt;速度: 1x&lt;/span&gt;
    &lt;/div&gt;

    &lt;script&gt;
        const wheel = document.getElementById('color-wheel');
        const speedControl = document.getElementById('speed');
        const speedLabel = document.getElementById('speed-label');

        function updateSpeed() {
            const speed = speedControl.value;
            wheel.style.animationDuration = `${2 / speed}s`;
            speedLabel.textContent = `速度: ${speed}x`;
        }

        speedControl.addEventListener('input', updateSpeed);
        updateSpeed(); // 初始化速度
    &lt;/script&gt;
&lt;/body&gt;
&lt;/html&gt;
                    </span>
                  </span>
                </span>
              </div>
            </div>
          </div>
          <div
            class="ant-md-editor-drag-el"
            data-be="paragraph"
            data-slate-node="element"
          >
            <span
              data-slate-node="text"
            >
              <span
                class=" "
                data-be="text"
                data-slate-leaf="true"
                draggable="false"
              >
                <span
                  data-slate-string="true"
                >
                  主要特点：
                </span>
              </span>
            </span>
          </div>
          <div
            class="relative"
            data-be="list"
            data-slate-node="element"
          >
            <ol
              class="ant-md-editor-list ol"
              start="1"
            >
              <li
                class="ant-md-editor-list-item"
                data-be="list-item"
                data-slate-node="element"
              >
                <div
                  class="ant-md-editor-drag-el"
                  data-be="paragraph"
                  data-slate-node="element"
                >
                  <span
                    data-slate-node="text"
                  >
                    <span
                      class=" "
                      data-be="text"
                      data-slate-leaf="true"
                      draggable="false"
                    >
                      <span
                        data-slate-string="true"
                      >
                        使用圆锥渐变(conic-gradient)创建七色环形背景
                      </span>
                    </span>
                  </span>
                </div>
              </li>
              <li
                class="ant-md-editor-list-item"
                data-be="list-item"
                data-slate-node="element"
              >
                <div
                  class="ant-md-editor-drag-el"
                  data-be="paragraph"
                  data-slate-node="element"
                >
                  <span
                    data-slate-node="text"
                  >
                    <span
                      class=" "
                      data-be="text"
                      data-slate-leaf="true"
                      draggable="false"
                    >
                      <span
                        data-slate-string="true"
                      >
                        通过 CSS 动画实现旋转效果
                      </span>
                    </span>
                  </span>
                </div>
              </li>
              <li
                class="ant-md-editor-list-item"
                data-be="list-item"
                data-slate-node="element"
              >
                <div
                  class="ant-md-editor-drag-el"
                  data-be="paragraph"
                  data-slate-node="element"
                >
                  <span
                    data-slate-node="text"
                  >
                    <span
                      class=" "
                      data-be="text"
                      data-slate-leaf="true"
                      draggable="false"
                    >
                      <span
                        data-slate-string="true"
                      >
                        速度控制滑块范围从0.1x 到2x
                      </span>
                    </span>
                  </span>
                </div>
              </li>
              <li
                class="ant-md-editor-list-item"
                data-be="list-item"
                data-slate-node="element"
              >
                <div
                  class="ant-md-editor-drag-el"
                  data-be="paragraph"
                  data-slate-node="element"
                >
                  <span
                    data-slate-node="text"
                  >
                    <span
                      class=" "
                      data-be="text"
                      data-slate-leaf="true"
                      draggable="false"
                    >
                      <span
                        data-slate-string="true"
                      >
                        动态更新动画速度（数值越小越慢 ，越大越快 )
                      </span>
                    </span>
                  </span>
                </div>
              </li>
              <li
                class="ant-md-editor-list-item"
                data-be="list-item"
                data-slate-node="element"
              >
                <div
                  class="ant-md-editor-drag-el"
                  data-be="paragraph"
                  data-slate-node="element"
                >
                  <span
                    data-slate-node="text"
                  >
                    <span
                      class=" "
                      data-be="text"
                      data-slate-leaf="true"
                      draggable="false"
                    >
                      <span
                        data-slate-string="true"
                      >
                        自动适应屏幕尺寸
                      </span>
                    </span>
                  </span>
                </div>
              </li>
              <li
                class="ant-md-editor-list-item"
                data-be="list-item"
                data-slate-node="element"
              >
                <div
                  class="ant-md-editor-drag-el"
                  data-be="paragraph"
                  data-slate-node="element"
                >
                  <span
                    data-slate-node="text"
                  >
                    <span
                      class=" "
                      data-be="text"
                      data-slate-leaf="true"
                      draggable="false"
                    >
                      <span
                        data-slate-string="true"
                      >
                        包含速度显示标签
                      </span>
                    </span>
                  </span>
                </div>
              </li>
              <li
                class="ant-md-editor-list-item"
                data-be="list-item"
                data-slate-node="element"
              >
                <div
                  class="ant-md-editor-drag-el"
                  data-be="paragraph"
                  data-slate-node="element"
                >
                  <span
                    data-slate-node="text"
                  >
                    <span
                      class=" "
                      data-be="text"
                      data-slate-leaf="true"
                      draggable="false"
                    >
                      <span
                        data-slate-string="true"
                      >
                        半透明控制面板设计
                      </span>
                    </span>
                  </span>
                </div>
              </li>
            </ol>
          </div>
          <div
            class="ant-md-editor-drag-el"
            data-be="paragraph"
            data-slate-node="element"
          >
            <span
              data-slate-node="text"
            >
              <span
                class=" "
                data-be="text"
                data-slate-leaf="true"
                draggable="false"
              >
                <span
                  data-slate-string="true"
                >
                  使用方法：
                </span>
              </span>
            </span>
          </div>
          <div
            class="relative"
            data-be="list"
            data-slate-node="element"
          >
            <ul
              class="ant-md-editor-list ul"
            >
              <li
                class="ant-md-editor-list-item"
                data-be="list-item"
                data-slate-node="element"
              >
                <div
                  class="ant-md-editor-drag-el"
                  data-be="paragraph"
                  data-slate-node="element"
                >
                  <span
                    data-slate-node="text"
                  >
                    <span
                      class=" "
                      data-be="text"
                      data-slate-leaf="true"
                      draggable="false"
                    >
                      <span
                        data-slate-string="true"
                      >
                        拖动滑块即可实时调整旋转速度
                      </span>
                    </span>
                  </span>
                </div>
              </li>
              <li
                class="ant-md-editor-list-item"
                data-be="list-item"
                data-slate-node="element"
              >
                <div
                  class="ant-md-editor-drag-el"
                  data-be="paragraph"
                  data-slate-node="element"
                >
                  <span
                    data-slate-node="text"
                  >
                    <span
                      class=" "
                      data-be="text"
                      data-slate-leaf="true"
                      draggable="false"
                    >
                      <span
                        data-slate-string="true"
                      >
                        滑块值范围：0.1（最慢 )到 2（最快 )
                      </span>
                    </span>
                  </span>
                </div>
              </li>
              <li
                class="ant-md-editor-list-item"
                data-be="list-item"
                data-slate-node="element"
              >
                <div
                  class="ant-md-editor-drag-el"
                  data-be="paragraph"
                  data-slate-node="element"
                >
                  <span
                    data-slate-node="text"
                  >
                    <span
                      class=" "
                      data-be="text"
                      data-slate-leaf="true"
                      draggable="false"
                    >
                      <span
                        data-slate-string="true"
                      >
                        背景会自动填满整个视口并保持居中
                      </span>
                    </span>
                  </span>
                </div>
              </li>
            </ul>
          </div>
          <div
            class="ant-md-editor-drag-el"
            data-be="paragraph"
            data-slate-node="element"
          >
            <span
              data-slate-node="text"
            >
              <span
                class=" "
                data-be="text"
                data-slate-leaf="true"
                draggable="false"
              >
                <span
                  data-slate-string="true"
                >
                  颜色排列顺序为标准的彩虹七色：
红色 → 橙色 → 黄色 → 绿色 → 蓝色 → 靛色 → 紫色
                </span>
              </span>
            </span>
          </div>
          <div
            class="ant-md-editor-drag-el"
            data-be="paragraph"
            data-slate-node="element"
          >
            <span
              data-slate-node="text"
            >
              <span
                class=" "
                data-be="text"
                data-slate-leaf="true"
                draggable="false"
              >
                <span
                  data-slate-string="true"
                >
                  可以通过修改以下 CSS 代码中的颜色值来改变颜色组合：
                </span>
              </span>
            </span>
          </div>
          <div
            class="ace-el drag-el"
            contenteditable="false"
            data-be="code"
            data-lang="css"
            data-slate-node="element"
            tabindex="-1"
          >
            <div
              class="ace-container drag-el "
              style="box-sizing: border-box; background-color: rgb(252, 252, 252); max-height: 400px; overflow: auto; position: relative; height: auto; opacity: 1;"
            >
              <div
                contenteditable="false"
                style="height: 1.75em; background-color: rgb(255, 255, 255); border-bottom: 1px solid #eee; padding-left: 0.75em; padding-right: 0.375em; display: flex; align-items: center; width: 100%; position: sticky; left: 0px; top: 0px; font-size: 1em; color: rgba(0, 0, 0, 0.6); justify-content: space-between; z-index: 50; user-select: none;"
              >
                <span
                  aria-describedby="test-id"
                  class="ant-agent-chat-action-icon-box"
                  style="display: flex; align-items: center; cursor: pointer; gap: 2px; color: rgba(0, 0, 0, 0.8);"
                >
                  <div
                    style="height: 1em; width: 1em; display: flex; align-items: center; justify-content: center; margin-right: 0.25em;"
                  >
                    <img
                      src="/src/MarkdownEditor/editor/elements/code/langIcons/css.svg"
                      style="height: 1em; width: 1em;"
                    />
                  </div>
                  <div>
                    <span>
                      css
                    </span>
                  </div>
                </span>
                <div
                  style="display: flex; gap: 5px;"
                >
                  <span
                    aria-describedby="test-id"
                    class="ant-agent-chat-action-icon-box"
                    style="font-size: 0.9em; line-height: 1.75em; margin-left: 0.125em;"
                  >
                    <span
                      aria-label="copy"
                      class="anticon anticon-copy"
                      role="img"
                      tabindex="-1"
                    >
                      <svg
                        aria-hidden="true"
                        data-icon="copy"
                        fill="currentColor"
                        focusable="false"
                        height="1em"
                        viewBox="64 64 896 896"
                        width="1em"
                      >
                        <path
                          d="M832 64H296c-4.4 0-8 3.6-8 8v56c0 4.4 3.6 8 8 8h496v688c0 4.4 3.6 8 8 8h56c4.4 0 8-3.6 8-8V96c0-17.7-14.3-32-32-32zM704 192H192c-17.7 0-32 14.3-32 32v530.7c0 8.5 3.4 16.6 9.4 22.6l173.3 173.3c2.2 2.2 4.7 4 7.4 5.5v1.9h4.2c3.5 1.3 7.2 2 11 2H704c17.7 0 32-14.3 32-32V224c0-17.7-14.3-32-32-32zM350 856.2L263.9 770H350v86.2zM664 888H414V746c0-22.1-17.9-40-40-40H232V264h432v624z"
                        />
                      </svg>
                    </span>
                  </span>
                </div>
              </div>
              <div
                class=" ace_editor ace_hidpi ace-tm"
                style="height: 200px; line-height: 22px; font-size: 13px;"
              >
                <textarea
                  aria-autocomplete="both"
                  aria-haspopup="false"
                  aria-label="Cursor at row 1"
                  autocapitalize="off"
                  autocorrect="off"
                  class="ace_text-input"
                  role="textbox"
                  spellcheck="false"
                  style="opacity: 0; font-size: 1px;"
                  wrap="off"
                />
                <div
                  aria-hidden="true"
                  class="ace_gutter"
                >
                  <div
                    class="ace_layer ace_gutter-layer ace_folding-enabled"
                    style="height: 1000000px;"
                  />
                </div>
                <div
                  class="ace_scroller"
                  style="line-height: 0px;"
                >
                  <div
                    class="ace_content"
                  >
                    <div
                      class="ace_layer ace_print-margin-layer"
                    >
                      <div
                        class="ace_print-margin"
                        style="left: 4px; visibility: hidden;"
                      />
                    </div>
                    <div
                      class="ace_layer ace_marker-layer"
                    />
                    <div
                      class="ace_layer ace_text-layer"
                      style="height: 1000000px; margin: 0px 4px;"
                    />
                    <div
                      class="ace_layer ace_marker-layer"
                    />
                    <div
                      class="ace_layer ace_cursor-layer ace_hidden-cursors"
                    >
                      <div
                        class="ace_cursor"
                      />
                    </div>
                  </div>
                </div>
                <div
                  class="ace_scrollbar ace_scrollbar-v"
                  style="display: none; width: 20px;"
                >
                  <div
                    class="ace_scrollbar-inner"
                    style="width: 20px;"
                  >
                     
                  </div>
                </div>
                <div
                  class="ace_scrollbar ace_scrollbar-h"
                  style="display: none; height: 20px;"
                >
                  <div
                    class="ace_scrollbar-inner"
                    style="height: 20px;"
                  >
                     
                  </div>
                </div>
                <div
                  style="height: auto; width: auto; top: 0px; left: 0px; visibility: hidden; position: absolute; white-space: pre; overflow: hidden;"
                >
                  <div
                    style="height: auto; width: auto; top: 0px; left: 0px; visibility: hidden; position: absolute; white-space: pre; overflow: visible;"
                  />
                  <div
                    style="height: auto; width: auto; top: 0px; left: 0px; visibility: hidden; position: absolute; white-space: pre; overflow: visible;"
                  >
                    XXXXXXXXXXXXXXXXXXXXXXXXXXXXXXXXXXXXXXXXXXXXXXXXXXXXXXXXXXXXXXXXXXXXXXXXXXXXXXXXXXXXXXXXXXXXXXXXXXXXXXXXXXXXXXXXXXXXXXXXXXXXXXXXXXXXXXXXXXXXXXXXXXXXXXXXXXXXXXXXXXXXXXXXXXXXXXXXXXXXXXXXXXXXXXXXXXXXXXXXXXXXXXXXXXXXXXXXXXXXXXXXXXXXXXXXXXXXXXXXXXXXXXXXXXXXXXXXXXXXXXXXXXXXXXXXXXXXXXXXXXXXXXXXXXXXXXXXXXXXXXXXXXXXXXXXXXXXXXXXXXXXXXXXXXXXXXXXXXXXXXXXXXXXXXXXXXXXXXXXXXXXXXXXXXXXXXXXXXXXXXXXXXXXXXXXXXXXXXXXXXXXXXXXXXXXXXXXXXXXXXXXXXXXXXXXXXXXXXXXXXXXXXXXXXXXXXXXXXXXXXXXXXXXXXXXXXXXXXXXXXXXXXXXXXXXXXXXXXXXXXXXXXXXXXXX
                  </div>
                </div>
              </div>
              <div
                class="ant-md-editor-hidden"
              >
                <span
                  data-slate-node="text"
                >
                  <span
                    class=" "
                    data-be="text"
                    data-slate-leaf="true"
                    draggable="false"
                  >
                    <span
                      data-slate-string="true"
                    >
                      background: conic-gradient(
    #ff0000 0deg 51.4deg,        /* 红色 */
    #ff7f00 51.4deg 102.8deg,    /* 橙色 */
    #ffff00 102.8deg 154.2deg,   /* 黄色 */
    #00ff00 154.2deg 205.6deg,   /* 绿色 */
    #0000ff 205.6deg 257deg,     /* 蓝色 */
    #4b0082 257deg 308.4deg,     /* 靛色 */
    #8f00ff 308.4deg 360deg      /* 紫色 */
);
                    </span>
                  </span>
                </span>
              </div>
            </div>
          </div>
          <div
            class="ant-md-editor-drag-el empty"
            data-be="paragraph"
            data-slate-node="element"
          >
            <span
              data-slate-node="text"
            >
              <span
                class=" "
                data-be="text"
                data-slate-leaf="true"
                draggable="false"
              >
                <span
                  data-slate-length="0"
                  data-slate-zero-width="n"
                >
                  ﻿
                  <br />
                </span>
              </span>
            </span>
          </div>
        </div>
      </div>
    </div>
  </div>
</DocumentFragment>